/(chengfikokistewyj|recahisainbf|etroputelogvu|axelon\.com|hogarth\.allard|gantrack8\.com|9wyt\.mjt\.lu|flickhockey52041|fiets\.lt\.acemlnb\.com)/i
/(3D7LRD3Z1HU7JUK8|Kabbalah\.info|rostrumlegal|dosejuice\.com|3DYg0ZQ_hMQKFJQPYi|vente\-du\-diable|Allepaznokcie|lnk\.smart\-goto\-c3\.tech|mollylac)/i
/(u10378069|slori\.battletech\-newsletter\.de|redcodenetwork|ranking\ for\ all\ search\ engines|migrate\ the\ newest\ version\ of\ the\ webmail)/i
/(tgjjxjegwbndiywtyqcp\.dynserv\.org|jcWuVdP\.png|OpinionPrice|manilla\.lt|radwebhosting|hitmailreview30|zip\ password|password\ zip|mapsregistration\.com)/i
/(Receive\ Delayed\ Messages|domchkserverman|unreceived\ emails\ will\ be\ deleted|janicepaper|easyburnketo\.net|cakematernity)/i
/testing\-mxroute\-filtering\-system/i
/Your\ account\ password\ is\ set\ to\ expire/i
/Password\ Expiry\ Notification/i
/Click\ below\ to\ continue\ with\ the\ same\ password/i
/Keep\ the\ same\ password/i
/will\ be\ stopped\ from\ sending\ messages\ if\ not/i
/appeal\ to\ us/i
/review\ to\ us/i
/Meta\ Pro\ Team/i
/Meta\ Business\ Team/i
/Meta\ Ads\ Team/i
/your\ ad\ account\ will\ be\ restricted/i
/We\ are\ upgrading\ our\ webmail\ software/i
/action\ is\ required\ to\ upgrade/i
/upgrade\ your\ webmail/i
/sign\ and\ review/i
/Audit\ of\ your\ website/i
/ranking\ on\ Google/i
/1st\ Page\ on\ Google/i
/search\ engine/i
/1st\ page\ Google/i
/update your webmail/i
/upgrading our webmail system/i
/updated mailbox/i
/Documents and photos from your contacts/i
/received new files shared on/i
/Your account will be permanently deactivated/i
/password to your mailbox/i
/webmail will log you out/i
/mail storage space is full/i
/release the pending message/i
/Your account is at risk of being restricted/i
/Violation Warning/i
/ad account will be suspended/i
/Meta Support Team Ads/i
/Your account will be stopped from sending out messages/i
/incoming mails pending/i
/avoid mail storage crash/i
/release all pending emails/i
/receive all pending emails/i
/will be stopped from sending and receiving emails/i
/Failure to verify email would lead to closure/i
/Keep Same Password/i
/Deactivation Alert/i
/To continue with same password/i
/pending messages/i
/Review Messages/i
/review your pending outgoing/i
/prevent login interruption/i
/Webmail Support/i
/Your account and page will be disable/i
/violation detection technology/i
/account is scheduled for permanent disable/i
/Meta Support Team/i
/Sign in to your admin account to see the latest updates/i
/Your password has expired/i
/Keep Current Password/i
/Edit My Password/i
/wetransfer/i
/Confirming Wordpress email address/i
/that the email address for this website/i
/This email address may vary from your personal email address/i
/that the email address for this site/i
/This email may be different from your personal email address/i
/admin account to see the latest updates/i
/Confirm updates by clicking/i
/Incoming Failed Messages/i
/quarantined messages/i
/exceeded the server quota/i
/Meta Business Support/i
/Request for Review/i
/Mail Client Automatic Deactivation Settings/i
/deactivate email services/i
/Submit a Review Request/i
/your ads may be suspended/i
/deactivate the email account/i
/Cancel the deactivation/i
/Your account will be permanently disabled/i
/All emails and data will be irrecoverably deleted/i
/Email Support Team/i
/deactivation will be processed/i
/Cancel Deactivation/i
/Structural Media Evaluation Notice/i
/Meta Systems/i
/Initiate Format Review/i
/Format Audit Division/i
/prevent the suspension of your advertising/i
/Community Support Team/i
/Meta Ad Policy Support/i
/Facebook Copyright Team/i
/will be permanently forbidden/i
/Facebook Trademark Team/i
/Copyright Security Team/i
/Business Support Team/i
/Meta Policy Risk Management Team/i
/Platform Policy Breach/i
/will be permanently closed/i
/Service Team/i
/link only works for the direct recipients of this message/i
/validation errors/i
/messages has been blocked/i
/Failed incoming messages/i
/email quarantine/i
/Resolve Messages/i
/Quarantined email/i
/emails suspended/i
/pending on the server/i
/retrieve emails stuck/i
/Pending emails will/i
/important incoming email/i
/Webmail Version/i
/Suspended important email/i
/important pending/i
/pending emails/i
/Emails stuck/i
/emails are suspended/i
/P­as­sw­o­rd i­s A­b­out t­o E­x­p­ir­e/i
/p­as­s­wo­r­d i­s se­t t­o ex­p­ir­e/i
/Pa­ss­w­o­rd S­­t­at­us/i
/M­od­i­f­y P­as­s­wo­r­d/i
/K­e­e­p M­y Pa­s­sw­or­d/i
/WebMail Admin/i
/persons are currently connected/i
/View participant list (2 Online)/i
/Incoming Mails Witheld/i
/holding important messages for/i
/Confirm & Restore Settings Now/i
/Advertising Access Suspended/i
/Appeal Advertising Restriction/i
/Policy Breach/i
/ad accounts have been disabled/i
/Secure My Account Now/i
/ShieldGuard/i
/Powered by DocuSign/i
/Security Review/i
/Ledger User/i
/pending on the server/i
/Violations Detected/i
/Submit Appeal Now/i
/Meta Business Integrity Team/i
/Advertising Compliance Team/i
/submit an appeal/i
/This email address may differ from your email address/i
/This e-mail address may differ from your email address/i
/This email address may differ from your e-mail address/i
/This e-mail address may differ from your e-mail address/i
/WordPress Contact Email Verification/i
/WordPress Contact E-mail Verification/i
/This email address might not match your primary email/i
/This email address might not match your primary e-mail/i
/This e-mail address might not match your primary email/i
/This e-mail address might not match your primary e-mail/i
/is associated with the correct email/i
/is associated with the correct e-mail/i
/This login email may differ from your email/i
/This login email may differ from your e-mail/i
/This login e-mail may differ from your email/i
/This login e-mail may differ from your e-mail/i
/This email may be differ from your personal email/i
/This email may be differ from your personal e-mail/i
/This e-mail may be differ from your personal email/i
/This e-mail may be differ from your personal e-mail/i
/This email may be different from your personal email/i
/This email may be different from your personal e-mail/i
/This e-mail may be different from your personal email/i
/This e-mail may be different from your personal e-mail/i
/WordPress Email Address Verification/i
/WordPress E-mail Address Verification/i
/WordPress Email Verification/i
/WordPress E-mail Verification/i
/security filters/i
/detected spam activity/i
/mailbox quota/i
/RoundCube Webmail Security/i
/To access these files/i
/has uploaded the below file/i
/ShareFile/i
/Account Validation Request/i
/re-validate SSL/i
/permanent email loss/i
/Webmail Terms of Service/i
/Webmail Services/i
/verify that your website/i
/need to be the same as your/i
/mailbox password will expire/i
/TestFlight/i
/Ads Manager Beta/i
/Business Meta/i
